// Jest Snapshot v1, https://goo.gl/fbAQLP

exports[`selectSignupPageDomain should select the SignupPage state 1`] = `
Immutable.Map {
  "username": "username",
  "email": "test@email.com",
  "password": "password",
  "loading": false,
  "error": 404,
}
`;
