// Jest Snapshot v1, https://goo.gl/fbAQLP

exports[`createSession Saga request the token successfully 1`] = `
Object {
  "@@redux-saga/IO": true,
  "SELECT": Object {
    "args": Array [],
    "selector": [Function],
  },
}
`;

exports[`createSession Saga request the token successfully 2`] = `undefined`;

exports[`createSession Saga should call the createSessionError action if the response errors 1`] = `
Object {
  "@@redux-saga/IO": true,
  "SELECT": Object {
    "args": Array [],
    "selector": [Function],
  },
}
`;

exports[`createSession Saga should call the createSessionError action if the response errors 2`] = `undefined`;
