// Jest Snapshot v1, https://goo.gl/fbAQLP

exports[`createSession Saga request the token successfully 1`] = `
Object {
  "@@redux-saga/IO": true,
  "SELECT": Object {
    "args": Array [],
    "selector": [Function],
  },
}
`;

exports[`createSession Saga request the token successfully 2`] = `
Object {
  "@@redux-saga/IO": true,
  "CALL": Object {
    "args": Array [
      "https://ptrade-api-staging.herokuapp.com/v1/sessions",
      Object {
        "body": "email=test%40email.com&password=password",
        "headers": Object {
          "Content-Type": "application/x-www-form-urlencoded",
        },
        "method": "POST",
      },
    ],
    "context": null,
    "fn": [Function],
  },
}
`;

exports[`createSession Saga should call the createSessionError action if the response errors 1`] = `
Object {
  "@@redux-saga/IO": true,
  "SELECT": Object {
    "args": Array [],
    "selector": [Function],
  },
}
`;

exports[`createSession Saga should call the createSessionError action if the response errors 2`] = `
Object {
  "@@redux-saga/IO": true,
  "CALL": Object {
    "args": Array [
      "https://ptrade-api-staging.herokuapp.com/v1/sessions",
      Object {
        "body": "email=test%40email.com&password=password",
        "headers": Object {
          "Content-Type": "application/x-www-form-urlencoded",
        },
        "method": "POST",
      },
    ],
    "context": null,
    "fn": [Function],
  },
}
`;
